// Jest Snapshot v1, https://goo.gl/fbAQLP

exports[`component App renders 1`] = `
<DocumentFragment>
  <div
    class="sc-AxhUy cJaanl"
  >
    <img
      alt="NASA logo"
      class="sc-AxjAm ivsrOq"
      src="./images/nasa.png"
    />
    <div
      class="sc-AxirZ kiBIEj"
    >
      <input
        class="sc-AxiKw iuhRGG"
        placeholder="Search"
        type="search"
      />
      <img
        alt="Click here to search"
        class="sc-AxhCb fasBgv"
        src="./images/search.png"
      />
    </div>
  </div>
  <div
    class="sc-AxgMl cylSDq"
  />
</DocumentFragment>
`;
