// Jest Snapshot v1, https://goo.gl/fbAQLP

exports[`component SearchInput renders 1`] = `
<DocumentFragment>
  <div
    class="sc-AxjAm iGGLME"
  >
    <input
      class="sc-AxirZ jLIEBi"
      placeholder="Search"
      type="search"
    />
    <img
      alt="Click here to search"
      class="sc-AxiKw cjWnXD"
      src="./images/search.png"
    />
  </div>
</DocumentFragment>
`;
