// Jest Snapshot v1, https://goo.gl/fbAQLP

exports[`component SearchResults renders 1`] = `
<DocumentFragment>
  <div
    class="sc-AxjAm iyNTKJ"
  >
    <img
      alt="Mock1"
      class="sc-AxirZ cxxIYp"
      src="https://mockaddress.mock/1"
    />
    <img
      alt="Mock2"
      class="sc-AxirZ cxxIYp"
      src="https://mockaddress.mock/2"
    />
    <img
      alt="Mock3"
      class="sc-AxirZ cxxIYp"
      src="https://mockaddress.mock/3"
    />
  </div>
</DocumentFragment>
`;
